2025-03-06 22:31:02,612 INFO o.h.v.i.u.Version [background-preinit] HV000001: Hibernate Validator 8.0.2.Final
2025-03-06 22:31:02,689 INFO o.s.b.StartupInfoLogger [restartedMain] Starting NotificationChallengeApplication using Java 21.0.4 with PID 1147536 (/home/rferreira/dev/notification/build/classes/java/main started by rferreira in /home/rferreira/dev/notification)
2025-03-06 22:31:02,704 INFO o.s.b.SpringApplication [restartedMain] The following 1 profile is active: "dev"
2025-03-06 22:31:02,898 INFO o.s.b.l.DeferredLog [restartedMain] Devtools property defaults active! Set 'spring.devtools.add-properties' to 'false' to disable
2025-03-06 22:31:06,903 INFO o.s.d.r.c.RepositoryConfigurationDelegate [restartedMain] Bootstrapping Spring Data JPA repositories in DEFAULT mode.
2025-03-06 22:31:07,053 INFO o.s.d.r.c.RepositoryConfigurationDelegate [restartedMain] Finished Spring Data repository scanning in 132 ms. Found 2 JPA repository interfaces.
2025-03-06 22:31:09,399 INFO o.s.b.w.e.t.TomcatWebServer [restartedMain] Tomcat initialized with port 8095 (http)
2025-03-06 22:31:09,438 INFO o.a.j.l.DirectJDKLog [restartedMain] Initializing ProtocolHandler ["http-nio-8095"]
2025-03-06 22:31:09,444 INFO o.a.j.l.DirectJDKLog [restartedMain] Starting service [Tomcat]
2025-03-06 22:31:09,446 INFO o.a.j.l.DirectJDKLog [restartedMain] Starting Servlet engine: [Apache Tomcat/10.1.36]
2025-03-06 22:31:09,556 INFO o.a.j.l.DirectJDKLog [restartedMain] Initializing Spring embedded WebApplicationContext
2025-03-06 22:31:09,568 INFO o.s.b.w.s.c.ServletWebServerApplicationContext [restartedMain] Root WebApplicationContext: initialization completed in 6657 ms
2025-03-06 22:31:10,721 INFO c.z.h.HikariDataSource [restartedMain] HikariPool-1 - Starting...
2025-03-06 22:31:11,175 INFO c.z.h.p.HikariPool [restartedMain] HikariPool-1 - Added connection conn0: url=jdbc:h2:file:./data/notifications user=SA
2025-03-06 22:31:11,180 INFO c.z.h.HikariDataSource [restartedMain] HikariPool-1 - Start completed.
2025-03-06 22:31:11,345 INFO o.f.c.i.l.s.Slf4jLog [restartedMain] Database: jdbc:h2:file:./data/notifications (H2 2.3)
2025-03-06 22:31:11,362 WARN o.f.c.i.l.s.Slf4jLog [restartedMain] Flyway upgrade recommended: H2 2.3.232 is newer than this version of Flyway and support has not been tested. The latest supported version of H2 is 2.2.224.
2025-03-06 22:31:11,446 INFO o.f.c.i.l.s.Slf4jLog [restartedMain] Successfully validated 2 migrations (execution time 00:00.059s)
2025-03-06 22:31:11,515 INFO o.f.c.i.l.s.Slf4jLog [restartedMain] Current version of schema "PUBLIC": 2
2025-03-06 22:31:11,526 INFO o.f.c.i.l.s.Slf4jLog [restartedMain] Schema "PUBLIC" is up to date. No migration necessary.
2025-03-06 22:31:11,938 INFO o.h.j.i.u.LogHelper [restartedMain] HHH000204: Processing PersistenceUnitInfo [name: default]
2025-03-06 22:31:12,055 INFO o.h.Version [restartedMain] HHH000412: Hibernate ORM core version 6.6.8.Final
2025-03-06 22:31:12,132 DEBUG o.h.c.i.RegionFactoryInitiator [restartedMain] Cannot default RegionFactory based on registered strategies as `[]` RegionFactory strategies were registered
2025-03-06 22:31:12,134 INFO o.h.c.i.RegionFactoryInitiator [restartedMain] HHH000026: Second-level cache disabled
2025-03-06 22:31:12,795 INFO o.s.o.j.p.SpringPersistenceUnitInfo [restartedMain] No LoadTimeWeaver setup: ignoring JPA class transformer
2025-03-06 22:31:12,982 INFO o.h.e.j.e.i.JdbcEnvironmentInitiator [restartedMain] HHH10001005: Database info:
	Database JDBC URL [Connecting through datasource 'HikariDataSource (HikariPool-1)']
	Database driver: undefined/unknown
	Database version: 2.3.232
	Autocommit mode: undefined/unknown
	Isolation level: undefined/unknown
	Minimum pool size: undefined/unknown
	Maximum pool size: undefined/unknown
2025-03-06 22:31:14,997 INFO o.h.e.t.j.p.i.JtaPlatformInitiator [restartedMain] HHH000489: No JTA platform available (set 'hibernate.transaction.jta.platform' to enable JTA platform integration)
2025-03-06 22:31:15,104 DEBUG o.h.e.j.s.SqlStatementLogger [restartedMain] 
    alter table if exists tb_users 
       drop constraint if exists UKkei9eex59i57mclsd87m9xt0
2025-03-06 22:31:15,110 DEBUG o.h.e.j.s.SqlStatementLogger [restartedMain] 
    alter table if exists tb_users 
       add constraint UKkei9eex59i57mclsd87m9xt0 unique (user_phone)
2025-03-06 22:31:15,142 INFO o.s.o.j.AbstractEntityManagerFactoryBean [restartedMain] Initialized JPA EntityManagerFactory for persistence unit 'default'
2025-03-06 22:31:16,406 DEBUG o.h.s.i.StatisticsInitiator [restartedMain] Statistics initialized [enabled=false]
2025-03-06 22:31:16,768 INFO o.s.d.j.r.q.QueryEnhancerFactory [restartedMain] Hibernate is in classpath; If applicable, HQL parser will be used.
2025-03-06 22:31:19,004 INFO c.g.c.n.c.RabbitMQConfiguration [restartedMain] RabbitMQ -> Creating Message Exchange and SNS, Email amd Message Queues...
2025-03-06 22:31:19,707 WARN o.s.b.a.o.j.JpaBaseConfiguration$JpaWebConfiguration [restartedMain] spring.jpa.open-in-view is enabled by default. Therefore, database queries may be performed during view rendering. Explicitly configure spring.jpa.open-in-view to disable this warning
2025-03-06 22:31:21,562 INFO c.r.s.i.StreamEnvironment [restartedMain] Connecting to localhost with guest user, assuming development environment
2025-03-06 22:31:21,563 INFO c.r.s.i.StreamEnvironment [restartedMain] Using address resolver to always connect to localhost
2025-03-06 22:31:22,867 INFO o.s.b.a.h.H2ConsoleAutoConfiguration$H2ConsoleLogger [restartedMain] H2 console available at '/h2-console'. Database available at 'jdbc:h2:file:./data/notifications'
2025-03-06 22:31:23,032 INFO o.s.b.d.a.OptionalLiveReloadServer [restartedMain] LiveReload server is running on port 35729
2025-03-06 22:31:23,107 INFO o.s.b.a.e.w.EndpointLinksResolver [restartedMain] Exposing 1 endpoint beneath base path '/actuator'
2025-03-06 22:31:23,445 INFO o.a.j.l.DirectJDKLog [restartedMain] Starting ProtocolHandler ["http-nio-8095"]
2025-03-06 22:31:23,501 INFO o.s.b.w.e.t.TomcatWebServer [restartedMain] Tomcat started on port 8095 (http) with context path '/'
2025-03-06 22:31:23,549 INFO o.s.b.StartupInfoLogger [restartedMain] Started NotificationChallengeApplication in 22.651 seconds (process running for 25.044)
2025-03-06 22:31:23,906 INFO c.g.c.n.NotificationChallengeApplication [restartedMain] Message Notification backend started running at 2025-03-06T22:31:23.905508435, zone America/Sao_Paulo, running java version 21.0.4
2025-03-06 22:31:23,919 INFO o.s.a.r.c.AbstractConnectionFactory [restartedMain] Attempting to connect to: [localhost:5672]
2025-03-06 22:31:24,029 INFO o.s.a.r.c.AbstractConnectionFactory [restartedMain] Created new connection: rabbitConnectionFactory#4eab2827:0/SimpleConnection@34767b73 [delegate=amqp://guest@127.0.0.1:5672/, localPort=38854]
